\BOOKMARK [0][-]{chapter.1}{\376\377\000I\000n\000t\000r\000o\000d\000u\000c\000c\000i\000\363\000n}{}% 1
\BOOKMARK [1][-]{section.1.1}{\376\377\000O\000b\000j\000e\000t\000i\000v\000o\000\040\000g\000e\000n\000e\000r\000a\000l}{chapter.1}% 2
\BOOKMARK [1][-]{section.1.2}{\376\377\000O\000b\000j\000e\000t\000i\000v\000o\000s\000\040\000e\000s\000p\000e\000c\000\355\000f\000i\000c\000o\000s}{chapter.1}% 3
\BOOKMARK [1][-]{section.1.3}{\376\377\000E\000s\000t\000r\000u\000c\000t\000u\000r\000a\000\040\000d\000e\000\040\000l\000a\000\040\000m\000e\000m\000o\000r\000i\000a}{chapter.1}% 4
\BOOKMARK [0][-]{chapter.2}{\376\377\000T\000e\000c\000n\000o\000l\000o\000g\000\355\000a\000s\000\040\000u\000t\000i\000l\000i\000z\000a\000d\000a\000s}{}% 5
\BOOKMARK [1][-]{section.2.1}{\376\377\000T\000e\000c\000n\000o\000l\000o\000g\000\355\000a\000s\000\040\000d\000e\000\040\000r\000e\000c\000o\000n\000o\000c\000i\000m\000i\000e\000n\000t\000o\000\040\000d\000e\000\040\000v\000o\000z}{chapter.2}% 6
\BOOKMARK [2][-]{subsection.2.1.1}{\376\377\000W\000h\000i\000s\000p\000e\000r}{section.2.1}% 7
\BOOKMARK [2][-]{subsection.2.1.2}{\376\377\000W\000h\000i\000s\000p\000e\000r\000\040\000W\000e\000b}{section.2.1}% 8
\BOOKMARK [2][-]{subsection.2.1.3}{\376\377\000W\000e\000b\000\040\000S\000p\000e\000e\000c\000h\000\040\000A\000P\000I}{section.2.1}% 9
\BOOKMARK [2][-]{subsection.2.1.4}{\376\377\000A\000s\000s\000e\000m\000b\000l\000y\000A\000I}{section.2.1}% 10
\BOOKMARK [1][-]{section.2.2}{\376\377\000A\000-\000F\000r\000a\000m\000e}{chapter.2}% 11
\BOOKMARK [1][-]{section.2.3}{\376\377\000T\000h\000r\000e\000e\000.\000j\000s}{chapter.2}% 12
\BOOKMARK [1][-]{section.2.4}{\376\377\000W\000e\000b\000X\000R}{chapter.2}% 13
\BOOKMARK [1][-]{section.2.5}{\376\377\000W\000e\000b\000G\000L}{chapter.2}% 14
\BOOKMARK [1][-]{section.2.6}{\376\377\000H\000T\000M\000L}{chapter.2}% 15
\BOOKMARK [1][-]{section.2.7}{\376\377\000J\000a\000v\000a\000S\000c\000r\000i\000p\000t}{chapter.2}% 16
\BOOKMARK [1][-]{section.2.8}{\376\377\000C\000S\000S}{chapter.2}% 17
\BOOKMARK [1][-]{section.2.9}{\376\377\000N\000o\000d\000e\000.\000j\000s}{chapter.2}% 18
\BOOKMARK [2][-]{subsection.2.9.1}{\376\377\000N\000o\000d\000e\000.\000j\000s\000\040\000y\000\040\000e\000l\000\040\000M\000a\000n\000e\000j\000o\000\040\000d\000e\000\040\000P\000e\000t\000i\000c\000i\000o\000n\000e\000s\000\040\000H\000T\000T\000P}{section.2.9}% 19
\BOOKMARK [2][-]{subsection.2.9.2}{\376\377\000C\000e\000r\000t\000i\000f\000i\000c\000a\000d\000o\000s}{section.2.9}% 20
\BOOKMARK [1][-]{section.2.10}{\376\377\000A\000p\000l\000i\000c\000a\000c\000i\000o\000n\000e\000s\000\040\000d\000e\000\040\000i\000n\000s\000p\000i\000r\000a\000c\000i\000\363\000n\000\040\000a\000l\000\040\000p\000r\000o\000y\000e\000c\000t\000o}{chapter.2}% 21
\BOOKMARK [2][-]{subsection.2.10.1}{\376\377\000A\000r\000k\000i\000o}{section.2.10}% 22
\BOOKMARK [2][-]{subsection.2.10.2}{\376\377\000V\000R\000\040\000S\000c\000u\000l\000p\000t\000i\000n\000g}{section.2.10}% 23
\BOOKMARK [2][-]{subsection.2.10.3}{\376\377\000B\000r\000i\000d\000g\000e\000\040\000C\000r\000e\000w\000\040\000\050\000S\000t\000a\000r\000\040\000T\000r\000e\000k\000\051}{section.2.10}% 24
\BOOKMARK [1][-]{section.2.11}{\376\377\000T\000e\000c\000n\000o\000l\000o\000g\000\355\000a\000s\000\040\000a\000u\000x\000i\000l\000i\000a\000r\000e\000s}{chapter.2}% 25
\BOOKMARK [2][-]{subsection.2.11.1}{\376\377\000G\000i\000t\000H\000u\000b}{section.2.11}% 26
\BOOKMARK [2][-]{subsection.2.11.2}{\376\377\000V\000i\000s\000u\000a\000l\000\040\000S\000t\000u\000d\000i\000o\000\040\000C\000o\000d\000e}{section.2.11}% 27
\BOOKMARK [2][-]{subsection.2.11.3}{\376\377\000G\000a\000f\000a\000s\000\040\000M\000e\000t\000a\000\040\000Q\000u\000e\000s\000t\0003}{section.2.11}% 28
\BOOKMARK [2][-]{subsection.2.11.4}{\376\377\000L\000a\000T\000e\000X}{section.2.11}% 29
\BOOKMARK [0][-]{chapter.3}{\376\377\000D\000e\000s\000a\000r\000r\000o\000l\000l\000o\000\040\000d\000e\000l\000\040\000p\000r\000o\000y\000e\000c\000t\000o}{}% 30
\BOOKMARK [1][-]{section.3.1}{\376\377\000E\000s\000t\000r\000u\000c\000t\000u\000r\000a\000\040\000d\000e\000l\000\040\000p\000r\000o\000c\000e\000s\000o\000\040\000d\000e\000\040\000d\000e\000s\000a\000r\000r\000o\000l\000l\000o}{chapter.3}% 31
\BOOKMARK [1][-]{section.3.2}{\376\377\000S\000p\000r\000i\000n\000t\000\040\0001}{chapter.3}% 32
\BOOKMARK [2][-]{subsection.3.2.1}{\376\377\000O\000b\000j\000e\000t\000i\000v\000o\000s}{section.3.2}% 33
\BOOKMARK [2][-]{subsection.3.2.2}{\376\377\000T\000a\000r\000e\000a\000s\000\040\000R\000e\000a\000l\000i\000z\000a\000d\000a\000s}{section.3.2}% 34
\BOOKMARK [2][-]{subsection.3.2.3}{\376\377\000R\000e\000s\000u\000l\000t\000a\000d\000o\000s\000\040\000y\000\040\000L\000e\000c\000c\000i\000o\000n\000e\000s\000\040\000a\000p\000r\000e\000n\000d\000i\000d\000a\000s}{section.3.2}% 35
\BOOKMARK [1][-]{section.3.3}{\376\377\000S\000p\000r\000i\000n\000t\000\040\0002}{chapter.3}% 36
\BOOKMARK [2][-]{subsection.3.3.1}{\376\377\000O\000b\000j\000e\000t\000i\000v\000o\000s}{section.3.3}% 37
\BOOKMARK [2][-]{subsection.3.3.2}{\376\377\000T\000a\000r\000e\000a\000s\000\040\000R\000e\000a\000l\000i\000z\000a\000d\000a\000s}{section.3.3}% 38
\BOOKMARK [2][-]{subsection.3.3.3}{\376\377\000R\000e\000s\000u\000l\000t\000a\000d\000o\000s}{section.3.3}% 39
\BOOKMARK [2][-]{subsection.3.3.4}{\376\377\000L\000e\000c\000c\000i\000o\000n\000e\000s\000\040\000a\000p\000r\000e\000n\000d\000i\000d\000a\000s}{section.3.3}% 40
\BOOKMARK [1][-]{section.3.4}{\376\377\000S\000p\000r\000i\000n\000t\000\040\0003}{chapter.3}% 41
\BOOKMARK [2][-]{subsection.3.4.1}{\376\377\000O\000b\000j\000e\000t\000i\000v\000o\000s}{section.3.4}% 42
\BOOKMARK [2][-]{subsection.3.4.2}{\376\377\000T\000a\000r\000e\000a\000s\000\040\000R\000e\000a\000l\000i\000z\000a\000d\000a\000s}{section.3.4}% 43
\BOOKMARK [2][-]{subsection.3.4.3}{\376\377\000R\000e\000s\000u\000l\000t\000a\000d\000o\000s}{section.3.4}% 44
\BOOKMARK [2][-]{subsection.3.4.4}{\376\377\000L\000e\000c\000c\000i\000o\000n\000e\000s\000\040\000a\000p\000r\000e\000n\000d\000i\000d\000a\000s}{section.3.4}% 45
\BOOKMARK [1][-]{section.3.5}{\376\377\000S\000p\000r\000i\000n\000t\000\040\0004}{chapter.3}% 46
\BOOKMARK [2][-]{subsection.3.5.1}{\376\377\000O\000b\000j\000e\000t\000i\000v\000o\000s}{section.3.5}% 47
\BOOKMARK [2][-]{subsection.3.5.2}{\376\377\000T\000a\000r\000e\000a\000s\000\040\000R\000e\000a\000l\000i\000z\000a\000d\000a\000s}{section.3.5}% 48
\BOOKMARK [2][-]{subsection.3.5.3}{\376\377\000R\000e\000s\000u\000l\000t\000a\000d\000o\000s}{section.3.5}% 49
\BOOKMARK [2][-]{subsection.3.5.4}{\376\377\000L\000e\000c\000c\000i\000o\000n\000e\000s\000\040\000a\000p\000r\000e\000n\000d\000i\000d\000a\000s}{section.3.5}% 50
\BOOKMARK [1][-]{section.3.6}{\376\377\000S\000p\000r\000i\000n\000t\000\040\0005}{chapter.3}% 51
\BOOKMARK [2][-]{subsection.3.6.1}{\376\377\000O\000b\000j\000e\000t\000i\000v\000o\000s}{section.3.6}% 52
\BOOKMARK [2][-]{subsection.3.6.2}{\376\377\000T\000a\000r\000e\000a\000s\000\040\000R\000e\000a\000l\000i\000z\000a\000d\000a\000s}{section.3.6}% 53
\BOOKMARK [2][-]{subsection.3.6.3}{\376\377\000R\000e\000s\000u\000l\000t\000a\000d\000o\000s}{section.3.6}% 54
\BOOKMARK [2][-]{subsection.3.6.4}{\376\377\000L\000e\000c\000c\000i\000o\000n\000e\000s\000\040\000a\000p\000r\000e\000n\000d\000i\000d\000a\000s}{section.3.6}% 55
\BOOKMARK [1][-]{section.3.7}{\376\377\000S\000p\000r\000i\000n\000t\000\040\0006}{chapter.3}% 56
\BOOKMARK [2][-]{subsection.3.7.1}{\376\377\000O\000b\000j\000e\000t\000i\000v\000o\000s}{section.3.7}% 57
\BOOKMARK [2][-]{subsection.3.7.2}{\376\377\000T\000a\000r\000e\000a\000s\000\040\000R\000e\000a\000l\000i\000z\000a\000d\000a\000s}{section.3.7}% 58
\BOOKMARK [2][-]{subsection.3.7.3}{\376\377\000R\000e\000s\000u\000l\000t\000a\000d\000o\000s}{section.3.7}% 59
\BOOKMARK [2][-]{subsection.3.7.4}{\376\377\000L\000e\000c\000c\000i\000o\000n\000e\000s\000\040\000a\000p\000r\000e\000n\000d\000i\000d\000a\000s}{section.3.7}% 60
\BOOKMARK [0][-]{chapter.4}{\376\377\000S\000i\000s\000t\000e\000m\000a\000\040\000r\000e\000s\000u\000l\000t\000a\000n\000t\000e}{}% 61
\BOOKMARK [1][-]{section.4.1}{\376\377\000A\000p\000l\000i\000c\000a\000c\000i\000\363\000n\000\040\000d\000e\000s\000a\000r\000o\000l\000l\000a\000d\000a}{chapter.4}% 62
\BOOKMARK [2][-]{subsection.4.1.1}{\376\377\000E\000n\000t\000o\000r\000n\000o\000\040\000d\000e\000\040\000e\000j\000e\000c\000u\000c\000i\000\363\000n}{section.4.1}% 63
\BOOKMARK [2][-]{subsection.4.1.2}{\376\377\000O\000b\000j\000e\000t\000o\000s\000\040\000e\000n\000\040\000e\000s\000c\000e\000n\000a}{section.4.1}% 64
\BOOKMARK [2][-]{subsection.4.1.3}{\376\377\000C\000o\000m\000a\000n\000d\000o\000s\000\040\000d\000e\000\040\000V\000o\000z}{section.4.1}% 65
\BOOKMARK [2][-]{subsection.4.1.4}{\376\377\000U\000s\000o\000\040\000d\000e\000\040\000l\000o\000s\000\040\000C\000o\000m\000a\000n\000d\000o\000s}{section.4.1}% 66
\BOOKMARK [2][-]{subsection.4.1.5}{\376\377\000N\000o\000t\000a\000s\000\040\000A\000d\000i\000c\000i\000o\000n\000a\000l\000e\000s}{section.4.1}% 67
\BOOKMARK [1][-]{section.4.2}{\376\377\000D\000e\000s\000c\000r\000i\000p\000c\000i\000\363\000n\000\040\000T\000\351\000c\000n\000i\000c\000a}{chapter.4}% 68
\BOOKMARK [2][-]{subsection.4.2.1}{\376\377\000A\000r\000q\000u\000i\000t\000e\000c\000t\000u\000r\000a\000\040\000G\000e\000n\000e\000r\000a\000l}{section.4.2}% 69
\BOOKMARK [2][-]{subsection.4.2.2}{\376\377\000C\000o\000m\000p\000o\000n\000e\000n\000t\000e\000s\000\040\000P\000r\000i\000n\000c\000i\000p\000a\000l\000e\000s}{section.4.2}% 70
\BOOKMARK [2][-]{subsection.4.2.3}{\376\377\000C\000o\000m\000p\000o\000n\000e\000n\000t\000e\000s\000\040\000A\000u\000x\000i\000l\000i\000a\000r\000e\000s}{section.4.2}% 71
\BOOKMARK [2][-]{subsection.4.2.4}{\376\377\000F\000u\000n\000c\000i\000o\000n\000e\000s\000\040\000d\000e\000\040\000u\000t\000i\000l\000i\000d\000a\000d}{section.4.2}% 72
\BOOKMARK [1][-]{section.4.3}{\376\377\000A\000r\000q\000u\000i\000t\000e\000c\000t\000u\000r\000a\000\040\000d\000e\000\040\000f\000u\000n\000c\000i\000o\000n\000a\000m\000i\000e\000n\000t\000o\000\040\000d\000e\000\040\000l\000a\000\040\000a\000p\000l\000i\000c\000a\000c\000i\000\363\000n}{chapter.4}% 73
\BOOKMARK [1][-]{section.4.4}{\376\377\000R\000e\000u\000t\000i\000l\000i\000z\000a\000c\000i\000\363\000n\000\040\000y\000\040\000M\000o\000d\000u\000l\000a\000r\000i\000d\000a\000d}{chapter.4}% 74
\BOOKMARK [0][-]{chapter.5}{\376\377\000E\000x\000p\000e\000r\000i\000m\000e\000n\000t\000o\000s\000\040\000y\000\040\000v\000a\000l\000i\000d\000a\000c\000i\000\363\000n}{}% 75
\BOOKMARK [1][-]{section.5.1}{\376\377\000O\000b\000j\000e\000t\000i\000v\000o\000s}{chapter.5}% 76
\BOOKMARK [1][-]{section.5.2}{\376\377\000E\000n\000t\000o\000r\000n\000o\000\040\000d\000e\000\040\000p\000r\000u\000e\000b\000a\000s}{chapter.5}% 77
\BOOKMARK [1][-]{section.5.3}{\376\377\000R\000e\000s\000u\000l\000t\000a\000d\000o\000s}{chapter.5}% 78
\BOOKMARK [2][-]{subsection.5.3.1}{\376\377\000P\000r\000e\000c\000i\000s\000i\000\363\000n\000\040\000d\000e\000l\000\040\000R\000e\000c\000o\000n\000o\000c\000i\000m\000i\000e\000n\000t\000o\000\040\000d\000e\000\040\000V\000o\000z}{section.5.3}% 79
\BOOKMARK [2][-]{subsection.5.3.2}{\376\377\000T\000i\000e\000m\000p\000o\000\040\000p\000o\000r\000\040\000T\000a\000r\000e\000a}{section.5.3}% 80
\BOOKMARK [2][-]{subsection.5.3.3}{\376\377\000O\000p\000i\000n\000i\000o\000n\000e\000s\000\040\000d\000e\000\040\000l\000o\000s\000\040\000U\000s\000u\000a\000r\000i\000o\000s}{section.5.3}% 81
\BOOKMARK [1][-]{section.5.4}{\376\377\000C\000o\000n\000c\000l\000u\000s\000i\000\363\000n\000\040\000d\000e\000\040\000V\000a\000l\000i\000d\000a\000c\000i\000\363\000n}{chapter.5}% 82
\BOOKMARK [0][-]{chapter.6}{\376\377\000C\000o\000n\000c\000l\000u\000s\000i\000o\000n\000e\000s}{}% 83
\BOOKMARK [1][-]{section.6.1}{\376\377\000C\000o\000n\000s\000e\000c\000u\000c\000i\000\363\000n\000\040\000d\000e\000\040\000o\000b\000j\000e\000t\000i\000v\000o\000s}{chapter.6}% 84
\BOOKMARK [1][-]{section.6.2}{\376\377\000E\000s\000f\000u\000e\000r\000z\000o\000\040\000y\000\040\000r\000e\000c\000u\000r\000s\000o\000s\000\040\000d\000e\000d\000i\000c\000a\000d\000o\000s}{chapter.6}% 85
\BOOKMARK [1][-]{section.6.3}{\376\377\000A\000p\000l\000i\000c\000a\000c\000i\000\363\000n\000\040\000d\000e\000\040\000l\000o\000\040\000a\000p\000r\000e\000n\000d\000i\000d\000o}{chapter.6}% 86
\BOOKMARK [1][-]{section.6.4}{\376\377\000L\000e\000c\000c\000i\000o\000n\000e\000s\000\040\000a\000p\000r\000e\000n\000d\000i\000d\000a\000s}{chapter.6}% 87
\BOOKMARK [1][-]{section.6.5}{\376\377\000T\000r\000a\000b\000a\000j\000o\000s\000\040\000f\000u\000t\000u\000r\000o\000s}{chapter.6}% 88
\BOOKMARK [0][-]{chapter*.18}{\376\377\000B\000i\000b\000l\000i\000o\000g\000r\000a\000f\000\355\000a}{}% 89
